[www.studiogusto.com/index.html]
[backblue.gif]
[fade.gif]
[index.html]
[www.studiogusto.com/favicon/favicon-1.png]
[www.studiogusto.com/images/seo_image.jpg]
[www.studiogusto.com/fonts/Matter-Regular.woff2]
[www.studiogusto.com/_next/static/css/88d894a0105078b7.css]
[www.studiogusto.com/_next/static/chunks/polyfills-c67a75d1b6f99dc8.js]
[www.studiogusto.com/_next/static/chunks/webpack-f0d57b22f654a765.js]
[www.studiogusto.com/_next/static/chunks/framework-2bb1844fb22814b3.js]
[www.studiogusto.com/_next/static/chunks/main-b1241a9a70bb7dcd.js]
[www.studiogusto.com/_next/static/chunks/pages/_app-9cd123001ea4375d.js]
[www.studiogusto.com/_next/static/chunks/fb7d5399-6d9bdf998eec5522.js]
[www.studiogusto.com/_next/static/chunks/966-a0bf47fa78d6a016.js]
[www.studiogusto.com/_next/static/chunks/743-e4cfc99772e11e2a.js]
[www.studiogusto.com/_next/static/chunks/188-2528e37ec318f1e1.js]
[www.studiogusto.com/_next/static/chunks/503-0cab194544986496.js]
[www.studiogusto.com/_next/static/chunks/773-aa15d9d4a5b7c652.js]
[www.studiogusto.com/_next/static/chunks/437-c4f84f12dd55e310.js]
[www.studiogusto.com/_next/static/chunks/pages/index-70d2116f01e3a9d7.js]
[www.studiogusto.com/_next/static/rGxysVShMnotCuIQPxSXJ/_buildManifest.js]
[www.studiogusto.com/_next/static/rGxysVShMnotCuIQPxSXJ/_ssgManifest.js]
[www.studiogusto.com/project/new-superyacht-generation.html]
[www.studiogusto.com/project/credits-de-papel.html]
[www.studiogusto.com/project/creativity-meets-healthy-food.html]
[www.studiogusto.com/project/experience-the-beauty-of-timeless-design.html]
[www.studiogusto.com/project/the-spirit-of-umbria.html]
[www.studiogusto.com/project/movement-community-and-science.html]
[www.studiogusto.com/works.html]
[www.studiogusto.com/news/peptone-chooses-studiogusto.html]
[www.studiogusto.com/news/a-journey-of-two-the-power-of-co-branding-for-indel-b-and-fiamma.html]
[www.studiogusto.com/blog.html]
[www.studiogusto.com/studio.html]
[www.studiogusto.com/index.html]
[www.studiogusto.com/_next/static/css/88d894a0105078b7.css]
[www.studiogusto.com/contact.html]
[www.studiogusto.com/project/new-superyacht-generation.html]
[www.studiogusto.com/project/credits-de-papel.html]
[www.studiogusto.com/project/creativity-meets-healthy-food.html]
[www.studiogusto.com/_next/static/chunks/pages/project/[slug]-efa2ee69971f8c47.js]
[www.studiogusto.com/project/experience-the-beauty-of-timeless-design.html]
[www.studiogusto.com/project/the-new-green-is-blue.html]
[www.studiogusto.com/project/the-spirit-of-umbria.html]
[www.studiogusto.com/project/the-magical-e-commerce-extraordinaire.html]
[www.studiogusto.com/project/movement-community-and-science.html]
[www.studiogusto.com/project/the-art-of-water.html]
[www.studiogusto.com/_next/static/chunks/929-77588873d03ae1c1.js]
[www.studiogusto.com/_next/static/chunks/pages/works-0916d942ca15dee8.js]
[www.studiogusto.com/project/off-vanlife-y-outdoor-spirit.html]
[www.studiogusto.com/project/la-divina-meets-webgl.html]
[www.studiogusto.com/project/refrigeration-solutions.html]
[www.studiogusto.com/project/chemistry-3d-and-sound.html]
[www.studiogusto.com/project/contemporary-terrazzo.html]
[www.studiogusto.com/project/where-light-is.html]
[www.studiogusto.com/project/italian-style-with-an-international-touch.html]
[www.studiogusto.com/project/swim-like-you-never-did.html]
[www.studiogusto.com/project/the-human-machine.html]
[www.studiogusto.com/project/a-font-named-franciscus.html]
[www.studiogusto.com/project/a-digital-manifesto.html]
[www.studiogusto.com/project/luxury-suits-you-well.html]
[www.studiogusto.com/project/master-of-the-italian-living.html]
[www.studiogusto.com/project/design-from-miami.html]
[www.studiogusto.com/works.html]
[www.studiogusto.com/awards.html]
[www.studiogusto.com/news/peptone-chooses-studiogusto.html]
[www.studiogusto.com/_next/static/chunks/pages/news/[slug]-686cf8137f9e5e67.js]
[www.studiogusto.com/news/a-journey-of-two-the-power-of-co-branding-for-indel-b-and-fiamma.html]
[www.studiogusto.com/news/sailing-for-a-new-route-the-digital-experience-as-a-game-changer-for-Rossinavi.html]
[www.studiogusto.com/_next/static/chunks/pages/blog-ab27203774100cdb.js]
[www.studiogusto.com/blog.html]
[www.studiogusto.com/news/misura-and-studiogusto-six-years-of-collaboration.html]
[www.studiogusto.com/studio.html]
[www.studiogusto.com/_next/static/chunks/pages/studio-7a22e9f12741427c.js]
[www.studiogusto.com/contact.html]
[www.studiogusto.com/project/the-new-green-is-blue.html]
[www.studiogusto.com/project/the-magical-e-commerce-extraordinaire.html]
[www.studiogusto.com/project/the-art-of-water.html]
[www.studiogusto.com/project/off-vanlife-y-outdoor-spirit.html]
[www.studiogusto.com/project/la-divina-meets-webgl.html]
[www.studiogusto.com/project/refrigeration-solutions.html]
[www.studiogusto.com/project/chemistry-3d-and-sound.html]
[www.studiogusto.com/project/contemporary-terrazzo.html]
[www.studiogusto.com/project/where-light-is.html]
[www.studiogusto.com/project/italian-style-with-an-international-touch.html]
[www.studiogusto.com/project/swim-like-you-never-did.html]
[www.studiogusto.com/project/the-human-machine.html]
[www.studiogusto.com/project/a-font-named-franciscus.html]
[www.studiogusto.com/project/a-digital-manifesto.html]
[www.studiogusto.com/project/luxury-suits-you-well.html]
[www.studiogusto.com/project/master-of-the-italian-living.html]
[www.studiogusto.com/project/design-from-miami.html]
[www.studiogusto.com/_next/static/chunks/pages/contact-3578c1d4533705b3.js]
[www.studiogusto.com/awards.html]
[www.studiogusto.com/news/sailing-for-a-new-route-the-digital-experience-as-a-game-changer-for-Rossinavi.html]
[www.studiogusto.com/news/misura-and-studiogusto-six-years-of-collaboration.html]
[www.studiogusto.com/_next/static/chunks/pages/awards-856bec458a5a8abb.js]
[www.studiogusto.com/project/index.html]
[www.studiogusto.com/cssdesignawards.com/sites/you-matter/30847]
[www.studiogusto.com/cssdesignawards.com/sites/you-matter/30847/index.html]
[www.studiogusto.com/cssdesignawards.com/sites/you-matter/30847.html]
